../Application/app_main.cpp:60:6:void UniqueID::CharToHexasc(uint8_t*, uint8_t)	16	static
../Application/app_main.cpp:65:7:char* UniqueID::GetUid()	24	static
../Application/app_main.cpp:88:6:void SaveData()	24	static
../Application/app_main.cpp:150:6:void getSaveData()	16	static
../Application/app_main.cpp:181:6:void app_mainCpp()	8	static
../Application/app_main.cpp:200:6:void app_mainC()	8	static
../Application/app_main.cpp:204:1:void __static_initialization_and_destruction_0(int, int)	24	static
../Application/app_main.cpp:204:1:cpp)	8	static
