../Application/ControlTask.cpp:73:13:void TurnOffGenerator()	8	static
../Application/ControlTask.cpp:78:13:void TurnOnGenerator()	8	static
../Application/ControlTask.cpp:83:13:void SwitchingLoadLogic(ControlData_Queue*)	24	static
../Application/ControlTask.cpp:114:9:uint8_t getSourceState()	4	static
../Application/ControlTask.cpp:119:6:void getChargeTimestamp(RTC_TimeTypeDef*)	16	static
../Application/ControlTask.cpp:123:6:void getDischargeTimestamp(RTC_TimeTypeDef*)	16	static
../Application/ControlTask.cpp:128:30:sensor_pzem::PZEM_004T::PZEM getACData1()	24	static
../Application/ControlTask.cpp:132:30:sensor_pzem::PZEM_004T::PZEM getACData2()	24	static
../Application/ControlTask.cpp:136:30:sensor_pzem::PZEM_004T::PZEM getACData3()	24	static
../Application/ControlTask.cpp:142:6:void ControlTask(void*)	192	static
../Application/ControlTask.cpp:217:1:void __static_initialization_and_destruction_0(int, int)	16	static
../Application/ControlTask.cpp:217:1:cpp)	8	static
