../Application/ControlTask.cpp:53:13:void TurnOffGenerator()	8	static
../Application/ControlTask.cpp:58:13:void TurnOnGenerator()	8	static
../Application/ControlTask.cpp:63:13:void SwitchingLoadLogic(ControlData_Queue*)	16	static
../Application/ControlTask.cpp:90:9:uint8_t getSourceState()	4	static
../Application/ControlTask.cpp:95:10:uint32_t getChargeTimestamp()	4	static
../Application/ControlTask.cpp:100:10:uint32_t getDischargeTimestamp()	4	static
../Application/ControlTask.cpp:106:6:void ControlTask(void*)	288	static
../Application/ControlTask.cpp:171:1:void __static_initialization_and_destruction_0(int, int)	16	static
../Application/ControlTask.cpp:171:1:cpp)	8	static
