C:\ST\STM32CubeIDE_1.14.1\STM32CubeIDE\plugins\com.st.stm32cube.ide.mcu.externaltools.gnu-tools-for-stm32.12.3.rel1.win32_1.0.100.202403111256\tools\bin/../lib/gcc/arm-none-eabi/12.3.1/../../../../arm-none-eabi/include/c++/12.3.1/cstring:118:3:char* std::strstr(char*, const char*)	16	static
../Application/ModemTask.cpp:35:7:char* getModemNetwork()	4	static
../Application/ModemTask.cpp:39:7:char* getSignalQuality()	4	static
../Application/ModemTask.cpp:43:7:char* getModemData()	32	static
../Application/ModemTask.cpp:60:6:void ModemTask(void*)	448	static
../Application/ModemTask.cpp:295:1:void __static_initialization_and_destruction_0(int, int)	16	static
../Application/ModemTask.cpp:295:1:cpp)	8	static
