../Application/Inverter/Inverter.cpp:24:1:Inverter::Voltronic::Voltronic(UART_HandleTypeDef*, GPIO_TypeDef*, uint16_t)	24	static
../Application/Inverter/Inverter.cpp:46:6:void Inverter::Voltronic::ProtocolID_Inquiry(char*)	32	static
../Application/Inverter/Inverter.cpp:66:6:void Inverter::Voltronic::DeviceID_Inquiry(char*)	32	static
../Application/Inverter/Inverter.cpp:80:6:void Inverter::Voltronic::CPUFW_Ver_Inquiry(char*)	32	static
../Application/Inverter/Inverter.cpp:94:6:void Inverter::Voltronic::Model_Inquiry(char*)	16	static
../Application/Inverter/Inverter.cpp:99:6:void Inverter::Voltronic::DeviceStat_Inquiry_qpigs(char (*)[10])	40	static
../Application/Inverter/Inverter.cpp:133:6:void Inverter::Voltronic::DeviceStat_Inquiry_qipgs2(char (*)[10])	40	static
../Application/Inverter/Inverter.cpp:168:6:void Inverter::Voltronic::DeviceStat_Inquiry_qipgsN(char (*)[15])	40	static
../Application/Inverter/Inverter.cpp:203:6:void Inverter::Voltronic::DeviceStat_Inquiry_mode(uint8_t*)	40	static
../Application/Inverter/Inverter.cpp:259:6:void Inverter::Voltronic::PrepRxTx(const uint8_t*, uint16_t, uint16_t, uint8_t, uint8_t)	32	static
../Application/Inverter/Inverter.cpp:293:13:void Inverter::Voltronic::set_event(eventType)	16	static
../Application/Inverter/Inverter.cpp:296:13:void Inverter::Voltronic::rst_event(eventType)	16	static
../Application/Inverter/Inverter.cpp:299:24:Inverter::Voltronic::status Inverter::Voltronic::check_event(eventType)	24	static
../Application/Inverter/Inverter.cpp:312:24:Inverter::Voltronic::status Inverter::Voltronic::check_eventForever(eventType)	24	static
../Application/Inverter/Inverter.cpp:322:24:Inverter::Voltronic::status Inverter::Voltronic::check_eventTimeout(eventType, uint16_t)	24	static
../Application/Inverter/Inverter.cpp:342:10:uint16_t Inverter::Voltronic::CRC16_cal(const uint8_t*, uint16_t)	32	static
../Application/Inverter/Inverter.cpp:371:6:void Inverter::Voltronic::RxCB(uint8_t)	16	static
../Application/Inverter/Inverter.cpp:384:6:void Inverter::Voltronic::TxCB(UART_HandleTypeDef*)	16	static
../Application/Inverter/Inverter.cpp:388:6:static void Inverter::Voltronic::RxCBStatic(UART_HandleTypeDef*, uint8_t)	24	static
../Application/Inverter/Inverter.cpp:402:6:static void Inverter::Voltronic::TxCBStatic(UART_HandleTypeDef*)	16	static
