../Application/User_Interface/button.cpp:14:10:void My_Button_IRQHandlerC()	8	static
../Application/User_Interface/button.cpp:37:13:void button::setTimer(uint32_t*)	16	static
../Application/User_Interface/button.cpp:42:16:uint8_t button::checkTimer(uint32_t*, uint32_t)	24	static
../Application/User_Interface/button.cpp:50:6:void button::btn_init()	8	static
../Application/User_Interface/button.cpp:59:6:void button::gen_event(btncodes)	16	static
../Application/User_Interface/button.cpp:64:15:button::btncodes button::get_event()	8	static
../Application/User_Interface/button.cpp:71:15:button::btncodes button::get_eventTimed(uint32_t)	16	static
../Application/User_Interface/button.cpp:77:15:button::btncodes button::get_code()	4	static
../Application/User_Interface/button.cpp:82:6:void button::resetCode(btncodes)	16	static
../Application/User_Interface/button.cpp:88:6:void button::btn_irq()	8	static
../Application/User_Interface/button.cpp:188:1:void __static_initialization_and_destruction_0(int, int)	16	static
../Application/User_Interface/button.cpp:188:1:cpp)	8	static
