../Core/Src/stm32f4xx_it.c:77:6:NMI_Handler	4	static
../Core/Src/stm32f4xx_it.c:92:6:HardFault_Handler	4	static
../Core/Src/stm32f4xx_it.c:107:6:MemManage_Handler	4	static
../Core/Src/stm32f4xx_it.c:122:6:BusFault_Handler	4	static
../Core/Src/stm32f4xx_it.c:137:6:UsageFault_Handler	4	static
../Core/Src/stm32f4xx_it.c:152:6:DebugMon_Handler	4	static
../Core/Src/stm32f4xx_it.c:172:6:ADC_IRQHandler	8	static
../Core/Src/stm32f4xx_it.c:187:6:TIM3_IRQHandler	8	static
../Core/Src/stm32f4xx_it.c:201:6:USART2_IRQHandler	8	static
../Core/Src/stm32f4xx_it.c:217:6:USART3_IRQHandler	8	static
../Core/Src/stm32f4xx_it.c:233:6:UART5_IRQHandler	8	static
../Core/Src/stm32f4xx_it.c:249:6:DMA2_Stream2_IRQHandler	8	static
