../Application/Sensor/sensor_TempHumd.cpp:15:1:sensor_TempHumd::DHT::DHT(TIM_HandleTypeDef*, GPIO_TypeDef*, uint16_t)	24	static
../Application/Sensor/sensor_TempHumd.cpp:24:6:void sensor_TempHumd::DHT::set_gpio_mode(uint8_t)	40	static
../Application/Sensor/sensor_TempHumd.cpp:45:13:sensor_TempHumd::DHT::status sensor_TempHumd::DHT::read(uint8_t*, uint8_t*)	96	static
../Application/Sensor/sensor_TempHumd.cpp:185:1:sensor_TempHumd::AHT20::AHT20(I2C_HandleTypeDef*, uint8_t, uint32_t)	24	static
../Application/Sensor/sensor_TempHumd.cpp:192:6:void sensor_TempHumd::AHT20::SoftReset()	32	static
../Application/Sensor/sensor_TempHumd.cpp:200:6:void sensor_TempHumd::AHT20::measure(uint32_t*, uint32_t*)	48	static
../Application/Sensor/sensor_TempHumd.cpp:245:20:sensor_TempHumd::AHT20::status sensor_TempHumd::AHT20::check_Device()	24	static
../Application/Sensor/sensor_TempHumd.cpp:260:10:uint32_t sensor_TempHumd::AHT20::temp()	24	static
../Application/Sensor/sensor_TempHumd.cpp:269:10:uint32_t sensor_TempHumd::AHT20::humid()	24	static
