../Application/System/System_Rtos.cpp:14:6:void System_Rtos::delay(uint32_t)	16	static
../Application/System/System_Rtos.cpp:19:1:System_Rtos::freertos_Tasks::freertos_Tasks(TaskFunction_t, const char*, uint16_t, void*, UBaseType_t)	24	static
../Application/System/System_Rtos.cpp:32:6:void System_Rtos::freertos_Tasks::createTask()	32	static
../Application/System/System_Rtos.cpp:39:6:void System_Rtos::freertos_Tasks::suspend()	16	static
../Application/System/System_Rtos.cpp:44:6:void System_Rtos::freertos_Tasks::resume()	16	static
../Application/System/System_Rtos.cpp:51:1:System_Rtos::freertos_queues::freertos_queues(uint16_t, uint16_t, uint8_t*)	24	static
../Application/System/System_Rtos.cpp:59:6:void System_Rtos::freertos_queues::queueCreate()	32	static
../Application/System/System_Rtos.cpp:65:35:System_Rtos::freertos_queues::queues_stat System_Rtos::freertos_queues::queueSend(void*)	24	static
../Application/System/System_Rtos.cpp:78:35:System_Rtos::freertos_queues::queues_stat System_Rtos::freertos_queues::queueReceive(void*)	24	static
../Application/System/System_Rtos.cpp:94:1:System_Rtos::freertos_semaphore::freertos_semaphore()	16	static
../Application/System/System_Rtos.cpp:99:6:void System_Rtos::freertos_semaphore::semaphoreCreate()	16	static
../Application/System/System_Rtos.cpp:105:41:System_Rtos::freertos_semaphore::semaphore_stat System_Rtos::freertos_semaphore::semaphoreTake()	24	static
../Application/System/System_Rtos.cpp:119:41:System_Rtos::freertos_semaphore::semaphore_stat System_Rtos::freertos_semaphore::semaphoreTake(uint32_t)	24	static
../Application/System/System_Rtos.cpp:135:41:System_Rtos::freertos_semaphore::semaphore_stat System_Rtos::freertos_semaphore::semaphoreGive()	24	static
../Application/System/System_Rtos.cpp:146:1:System_Rtos::freertos_events::freertos_events()	16	static
../Application/System/System_Rtos.cpp:150:6:void System_Rtos::freertos_events::eventCreate()	16	static
../Application/System/System_Rtos.cpp:155:6:void System_Rtos::freertos_events::eventGive()	24	static,ignoring_inline_asm
../Application/System/System_Rtos.cpp:172:6:void System_Rtos::freertos_events::eventTake()	24	static
../Application/System/System_Rtos.cpp:176:6:void System_Rtos::freertos_events::eventTakeTimed(uint32_t)	24	static
